phvb8r Helvetica-Bold 0 "TeXBase1Encoding ReEncodeFont" <8r.enc
phvb8y Helvetica-Bold 0 "TeXnANSIEncoding ReEncodeFont" <texnansi.enc
phvbo8r Helvetica-BoldOblique 64 "TeXBase1Encoding ReEncodeFont" <8r.enc
phvbo8y Helvetica-BoldOblique 64 "TeXnANSIEncoding ReEncodeFont" <texnansi.enc
phvr8r Helvetica 0 "TeXBase1Encoding ReEncodeFont" <8r.enc
phvr8y Helvetica 0 "TeXnANSIEncoding ReEncodeFont" <texnansi.enc
phvro8r Helvetica-Oblique 64 "TeXBase1Encoding ReEncodeFont" <8r.enc
phvro8y Helvetica-Oblique 64 "TeXnANSIEncoding ReEncodeFont" <texnansi.enc
psyr Symbol 3
ptmb8r Times-Bold 2 "TeXBase1Encoding ReEncodeFont" <8r.enc
ptmb8y Times-Bold 2 "TeXnANSIEncoding ReEncodeFont" <texnansi.enc
ptmbi8r Times-BoldItalic 66 "TeXBase1Encoding ReEncodeFont" <8r.enc
ptmbi8y Times-BoldItalic 66 "TeXnANSIEncoding ReEncodeFont" <texnansi.enc
ptmr8r Times-Roman 2 "TeXBase1Encoding ReEncodeFont" <8r.enc
ptmr8y Times-Roman 2 "TeXnANSIEncoding ReEncodeFont" <texnansi.enc
ptmri8r Times-Italic 66 "TeXBase1Encoding ReEncodeFont" <8r.enc
ptmri8y Times-Italic 66 "TeXnANSIEncoding ReEncodeFont" <texnansi.enc
